// Jest Snapshot v1, https://goo.gl/fbAQLP

exports[`Should test for input to add a goal 1`] = `
<div>
  <div>
    <form>
      <label
        for="addGoal"
      >
        Enter: 
      </label>
      <input
        id="addGoal"
        placeholder="Enter a goal!"
        type="text"
        value=""
      />
      <button
        type="submit"
      >
        Add GOAL!
      </button>
    </form>
  </div>
</div>
`;
